[2025-03-03T06:16:43.715+0000][gc,heap] Heap region size: 1M
[2025-03-03T06:16:43.740+0000][gc     ] Using G1
[2025-03-03T06:16:43.740+0000][gc,heap,coops] Heap address: 0x00000000c0000000, size: 1024 MB, Compressed Oops mode: 32-bit
[2025-03-03T06:16:44.826+0000][gc,start     ] GC(0) Pause Young (Concurrent Start) (Metadata GC Threshold)
[2025-03-03T06:16:44.826+0000][gc,task      ] GC(0) Using 1 workers of 1 for evacuation
[2025-03-03T06:16:44.848+0000][gc,mmu       ] GC(0) MMU target violated: 21.0ms (20.0ms/21.0ms)
[2025-03-03T06:16:44.848+0000][gc,phases    ] GC(0)   Pre Evacuate Collection Set: 0.1ms
[2025-03-03T06:16:44.848+0000][gc,phases    ] GC(0)   Evacuate Collection Set: 20.4ms
[2025-03-03T06:16:44.848+0000][gc,phases    ] GC(0)   Post Evacuate Collection Set: 1.0ms
[2025-03-03T06:16:44.848+0000][gc,phases    ] GC(0)   Other: 0.4ms
[2025-03-03T06:16:44.848+0000][gc,heap      ] GC(0) Eden regions: 45->0(44)
[2025-03-03T06:16:44.848+0000][gc,heap      ] GC(0) Survivor regions: 0->7(7)
[2025-03-03T06:16:44.848+0000][gc,heap      ] GC(0) Old regions: 0->1
[2025-03-03T06:16:44.848+0000][gc,heap      ] GC(0) Humongous regions: 0->0
[2025-03-03T06:16:44.848+0000][gc,metaspace ] GC(0) Metaspace: 20715K(21248K)->20715K(21248K) NonClass: 18538K(18944K)->18538K(18944K) Class: 2177K(2304K)->2177K(2304K)
[2025-03-03T06:16:44.848+0000][gc           ] GC(0) Pause Young (Concurrent Start) (Metadata GC Threshold) 44M->7M(1024M) 21.897ms
[2025-03-03T06:16:44.848+0000][gc,cpu       ] GC(0) User=0.02s Sys=0.00s Real=0.02s
[2025-03-03T06:16:44.848+0000][gc           ] GC(1) Concurrent Cycle
[2025-03-03T06:16:44.848+0000][gc,marking   ] GC(1) Concurrent Clear Claimed Marks
[2025-03-03T06:16:44.848+0000][gc,marking   ] GC(1) Concurrent Clear Claimed Marks 0.045ms
[2025-03-03T06:16:44.848+0000][gc,marking   ] GC(1) Concurrent Scan Root Regions
[2025-03-03T06:16:44.852+0000][gc,marking   ] GC(1) Concurrent Scan Root Regions 3.378ms
[2025-03-03T06:16:44.852+0000][gc,marking   ] GC(1) Concurrent Mark (1.141s)
[2025-03-03T06:16:44.852+0000][gc,marking   ] GC(1) Concurrent Mark From Roots
[2025-03-03T06:16:44.852+0000][gc,task      ] GC(1) Using 1 workers of 1 for marking
[2025-03-03T06:16:44.853+0000][gc,marking   ] GC(1) Concurrent Mark From Roots 1.776ms
[2025-03-03T06:16:44.853+0000][gc,marking   ] GC(1) Concurrent Preclean
[2025-03-03T06:16:44.853+0000][gc,marking   ] GC(1) Concurrent Preclean 0.028ms
[2025-03-03T06:16:44.853+0000][gc,marking   ] GC(1) Concurrent Mark (1.141s, 1.143s) 1.843ms
[2025-03-03T06:16:44.854+0000][gc,start     ] GC(1) Pause Remark
[2025-03-03T06:16:44.861+0000][gc,stringtable] GC(1) Cleaned string and symbol table, strings: 8025 processed, 0 removed, symbols: 66060 processed, 30 removed
[2025-03-03T06:16:44.862+0000][gc            ] GC(1) Pause Remark 7M->7M(1024M) 8.472ms
[2025-03-03T06:16:44.862+0000][gc,cpu        ] GC(1) User=0.01s Sys=0.00s Real=0.00s
[2025-03-03T06:16:44.862+0000][gc,marking    ] GC(1) Concurrent Rebuild Remembered Sets
[2025-03-03T06:16:44.864+0000][gc,marking    ] GC(1) Concurrent Rebuild Remembered Sets 1.476ms
[2025-03-03T06:16:44.865+0000][gc,start      ] GC(1) Pause Cleanup
[2025-03-03T06:16:44.865+0000][gc            ] GC(1) Pause Cleanup 7M->7M(1024M) 0.495ms
[2025-03-03T06:16:44.865+0000][gc,cpu        ] GC(1) User=0.00s Sys=0.00s Real=0.00s
[2025-03-03T06:16:44.865+0000][gc,marking    ] GC(1) Concurrent Cleanup for Next Mark
[2025-03-03T06:16:44.877+0000][gc,marking    ] GC(1) Concurrent Cleanup for Next Mark 11.571ms
[2025-03-03T06:16:44.877+0000][gc            ] GC(1) Concurrent Cycle 28.831ms
[2025-03-03T06:16:45.613+0000][gc,heap,exit  ] Heap
[2025-03-03T06:16:45.613+0000][gc,heap,exit  ]  garbage-first heap   total 1048576K, used 49506K [0x00000000c0000000, 0x0000000100000000)
[2025-03-03T06:16:45.613+0000][gc,heap,exit  ]   region size 1024K, 49 young (50176K), 7 survivors (7168K)
[2025-03-03T06:16:45.613+0000][gc,heap,exit  ]  Metaspace       used 29185K, capacity 29837K, committed 29952K, reserved 1075200K
[2025-03-03T06:16:45.613+0000][gc,heap,exit  ]   class space    used 3280K, capacity 3547K, committed 3584K, reserved 1048576K
