[2025-03-03T06:38:35.214+0000][gc,heap] Heap region size: 1M
[2025-03-03T06:38:35.239+0000][gc     ] Using G1
[2025-03-03T06:38:35.239+0000][gc,heap,coops] Heap address: 0x00000000c0000000, size: 1024 MB, Compressed Oops mode: 32-bit
[2025-03-03T06:38:36.990+0000][gc,start     ] GC(0) Pause Young (Concurrent Start) (Metadata GC Threshold)
[2025-03-03T06:38:36.991+0000][gc,task      ] GC(0) Using 1 workers of 1 for evacuation
[2025-03-03T06:38:37.009+0000][gc,phases    ] GC(0)   Pre Evacuate Collection Set: 0.1ms
[2025-03-03T06:38:37.009+0000][gc,phases    ] GC(0)   Evacuate Collection Set: 16.8ms
[2025-03-03T06:38:37.009+0000][gc,phases    ] GC(0)   Post Evacuate Collection Set: 1.2ms
[2025-03-03T06:38:37.009+0000][gc,phases    ] GC(0)   Other: 0.3ms
[2025-03-03T06:38:37.009+0000][gc,heap      ] GC(0) Eden regions: 45->0(44)
[2025-03-03T06:38:37.009+0000][gc,heap      ] GC(0) Survivor regions: 0->7(7)
[2025-03-03T06:38:37.009+0000][gc,heap      ] GC(0) Old regions: 0->1
[2025-03-03T06:38:37.009+0000][gc,heap      ] GC(0) Humongous regions: 0->0
[2025-03-03T06:38:37.009+0000][gc,metaspace ] GC(0) Metaspace: 20684K(21248K)->20684K(21248K) NonClass: 18508K(18944K)->18508K(18944K) Class: 2175K(2304K)->2175K(2304K)
[2025-03-03T06:38:37.009+0000][gc           ] GC(0) Pause Young (Concurrent Start) (Metadata GC Threshold) 45M->7M(1024M) 18.568ms
[2025-03-03T06:38:37.009+0000][gc,cpu       ] GC(0) User=0.01s Sys=0.01s Real=0.02s
[2025-03-03T06:38:37.009+0000][gc           ] GC(1) Concurrent Cycle
[2025-03-03T06:38:37.009+0000][gc,marking   ] GC(1) Concurrent Clear Claimed Marks
[2025-03-03T06:38:37.009+0000][gc,marking   ] GC(1) Concurrent Clear Claimed Marks 0.041ms
[2025-03-03T06:38:37.009+0000][gc,marking   ] GC(1) Concurrent Scan Root Regions
[2025-03-03T06:38:37.013+0000][gc,marking   ] GC(1) Concurrent Scan Root Regions 4.226ms
[2025-03-03T06:38:37.013+0000][gc,marking   ] GC(1) Concurrent Mark (1.803s)
[2025-03-03T06:38:37.014+0000][gc,marking   ] GC(1) Concurrent Mark From Roots
[2025-03-03T06:38:37.014+0000][gc,task      ] GC(1) Using 1 workers of 1 for marking
[2025-03-03T06:38:37.015+0000][gc,marking   ] GC(1) Concurrent Mark From Roots 1.883ms
[2025-03-03T06:38:37.015+0000][gc,marking   ] GC(1) Concurrent Preclean
[2025-03-03T06:38:37.015+0000][gc,marking   ] GC(1) Concurrent Preclean 0.026ms
[2025-03-03T06:38:37.015+0000][gc,marking   ] GC(1) Concurrent Mark (1.803s, 1.805s) 1.940ms
[2025-03-03T06:38:37.016+0000][gc,start     ] GC(1) Pause Remark
[2025-03-03T06:38:37.023+0000][gc,stringtable] GC(1) Cleaned string and symbol table, strings: 8019 processed, 0 removed, symbols: 66183 processed, 30 removed
[2025-03-03T06:38:37.023+0000][gc            ] GC(1) Pause Remark 7M->7M(1024M) 6.803ms
[2025-03-03T06:38:37.023+0000][gc,cpu        ] GC(1) User=0.01s Sys=0.00s Real=0.00s
[2025-03-03T06:38:37.023+0000][gc,marking    ] GC(1) Concurrent Rebuild Remembered Sets
[2025-03-03T06:38:37.024+0000][gc,marking    ] GC(1) Concurrent Rebuild Remembered Sets 1.028ms
[2025-03-03T06:38:37.024+0000][gc,start      ] GC(1) Pause Cleanup
[2025-03-03T06:38:37.024+0000][gc            ] GC(1) Pause Cleanup 7M->7M(1024M) 0.297ms
[2025-03-03T06:38:37.024+0000][gc,cpu        ] GC(1) User=0.00s Sys=0.00s Real=0.00s
[2025-03-03T06:38:37.025+0000][gc,marking    ] GC(1) Concurrent Cleanup for Next Mark
[2025-03-03T06:38:37.037+0000][gc,marking    ] GC(1) Concurrent Cleanup for Next Mark 12.723ms
[2025-03-03T06:38:37.037+0000][gc            ] GC(1) Concurrent Cycle 28.208ms
[2025-03-03T06:38:37.986+0000][gc,heap,exit  ] Heap
[2025-03-03T06:38:37.986+0000][gc,heap,exit  ]  garbage-first heap   total 1048576K, used 48459K [0x00000000c0000000, 0x0000000100000000)
[2025-03-03T06:38:37.986+0000][gc,heap,exit  ]   region size 1024K, 48 young (49152K), 7 survivors (7168K)
[2025-03-03T06:38:37.986+0000][gc,heap,exit  ]  Metaspace       used 29161K, capacity 29839K, committed 29948K, reserved 1075200K
[2025-03-03T06:38:37.986+0000][gc,heap,exit  ]   class space    used 3278K, capacity 3547K, committed 3580K, reserved 1048576K
