[2025-03-03T06:15:26.560+0000][gc,heap] Heap region size: 1M
[2025-03-03T06:15:26.614+0000][gc     ] Using G1
[2025-03-03T06:15:26.614+0000][gc,heap,coops] Heap address: 0x00000000c0000000, size: 1024 MB, Compressed Oops mode: 32-bit
[2025-03-03T06:15:28.633+0000][gc,start     ] GC(0) Pause Young (Concurrent Start) (Metadata GC Threshold)
[2025-03-03T06:15:28.633+0000][gc,task      ] GC(0) Using 1 workers of 1 for evacuation
[2025-03-03T06:15:28.653+0000][gc,phases    ] GC(0)   Pre Evacuate Collection Set: 0.1ms
[2025-03-03T06:15:28.653+0000][gc,phases    ] GC(0)   Evacuate Collection Set: 17.9ms
[2025-03-03T06:15:28.653+0000][gc,phases    ] GC(0)   Post Evacuate Collection Set: 0.9ms
[2025-03-03T06:15:28.653+0000][gc,phases    ] GC(0)   Other: 0.3ms
[2025-03-03T06:15:28.653+0000][gc,heap      ] GC(0) Eden regions: 45->0(44)
[2025-03-03T06:15:28.653+0000][gc,heap      ] GC(0) Survivor regions: 0->7(7)
[2025-03-03T06:15:28.653+0000][gc,heap      ] GC(0) Old regions: 0->1
[2025-03-03T06:15:28.653+0000][gc,heap      ] GC(0) Humongous regions: 0->0
[2025-03-03T06:15:28.653+0000][gc,metaspace ] GC(0) Metaspace: 20712K(21248K)->20712K(21248K) NonClass: 18541K(18944K)->18541K(18944K) Class: 2170K(2304K)->2170K(2304K)
[2025-03-03T06:15:28.653+0000][gc           ] GC(0) Pause Young (Concurrent Start) (Metadata GC Threshold) 44M->7M(1024M) 19.359ms
[2025-03-03T06:15:28.653+0000][gc,cpu       ] GC(0) User=0.02s Sys=0.00s Real=0.02s
[2025-03-03T06:15:28.653+0000][gc           ] GC(1) Concurrent Cycle
[2025-03-03T06:15:28.653+0000][gc,marking   ] GC(1) Concurrent Clear Claimed Marks
[2025-03-03T06:15:28.653+0000][gc,marking   ] GC(1) Concurrent Clear Claimed Marks 0.058ms
[2025-03-03T06:15:28.653+0000][gc,marking   ] GC(1) Concurrent Scan Root Regions
[2025-03-03T06:15:28.656+0000][gc,marking   ] GC(1) Concurrent Scan Root Regions 2.985ms
[2025-03-03T06:15:28.656+0000][gc,marking   ] GC(1) Concurrent Mark (2.101s)
[2025-03-03T06:15:28.656+0000][gc,marking   ] GC(1) Concurrent Mark From Roots
[2025-03-03T06:15:28.656+0000][gc,task      ] GC(1) Using 1 workers of 1 for marking
[2025-03-03T06:15:28.658+0000][gc,marking   ] GC(1) Concurrent Mark From Roots 1.777ms
[2025-03-03T06:15:28.658+0000][gc,marking   ] GC(1) Concurrent Preclean
[2025-03-03T06:15:28.658+0000][gc,marking   ] GC(1) Concurrent Preclean 0.027ms
[2025-03-03T06:15:28.658+0000][gc,marking   ] GC(1) Concurrent Mark (2.101s, 2.103s) 1.846ms
[2025-03-03T06:15:28.689+0000][gc,start     ] GC(1) Pause Remark
[2025-03-03T06:15:28.695+0000][gc,stringtable] GC(1) Cleaned string and symbol table, strings: 8029 processed, 0 removed, symbols: 66043 processed, 30 removed
[2025-03-03T06:15:28.695+0000][gc            ] GC(1) Pause Remark 7M->7M(1024M) 6.240ms
[2025-03-03T06:15:28.695+0000][gc,cpu        ] GC(1) User=0.00s Sys=0.00s Real=0.01s
[2025-03-03T06:15:28.695+0000][gc,marking    ] GC(1) Concurrent Rebuild Remembered Sets
[2025-03-03T06:15:28.696+0000][gc,marking    ] GC(1) Concurrent Rebuild Remembered Sets 1.056ms
[2025-03-03T06:15:28.696+0000][gc,start      ] GC(1) Pause Cleanup
[2025-03-03T06:15:28.697+0000][gc            ] GC(1) Pause Cleanup 7M->7M(1024M) 0.256ms
[2025-03-03T06:15:28.697+0000][gc,cpu        ] GC(1) User=0.00s Sys=0.00s Real=0.00s
[2025-03-03T06:15:28.697+0000][gc,marking    ] GC(1) Concurrent Cleanup for Next Mark
[2025-03-03T06:15:28.709+0000][gc,marking    ] GC(1) Concurrent Cleanup for Next Mark 12.840ms
[2025-03-03T06:15:28.710+0000][gc            ] GC(1) Concurrent Cycle 56.764ms
[2025-03-03T06:15:29.573+0000][gc,heap,exit  ] Heap
[2025-03-03T06:15:29.573+0000][gc,heap,exit  ]  garbage-first heap   total 1048576K, used 49520K [0x00000000c0000000, 0x0000000100000000)
[2025-03-03T06:15:29.573+0000][gc,heap,exit  ]   region size 1024K, 49 young (50176K), 7 survivors (7168K)
[2025-03-03T06:15:29.573+0000][gc,heap,exit  ]  Metaspace       used 29190K, capacity 29839K, committed 29952K, reserved 1075200K
[2025-03-03T06:15:29.573+0000][gc,heap,exit  ]   class space    used 3278K, capacity 3547K, committed 3584K, reserved 1048576K
