[2025-03-03T06:36:22.794+0000][gc,heap] Heap region size: 1M
[2025-03-03T06:36:22.817+0000][gc     ] Using G1
[2025-03-03T06:36:22.817+0000][gc,heap,coops] Heap address: 0x00000000c0000000, size: 1024 MB, Compressed Oops mode: 32-bit
[2025-03-03T06:36:24.268+0000][gc,start     ] GC(0) Pause Young (Concurrent Start) (Metadata GC Threshold)
[2025-03-03T06:36:24.268+0000][gc,task      ] GC(0) Using 1 workers of 1 for evacuation
[2025-03-03T06:36:24.289+0000][gc,mmu       ] GC(0) MMU target violated: 20.7ms (20.0ms/21.0ms)
[2025-03-03T06:36:24.289+0000][gc,phases    ] GC(0)   Pre Evacuate Collection Set: 0.1ms
[2025-03-03T06:36:24.289+0000][gc,phases    ] GC(0)   Evacuate Collection Set: 19.6ms
[2025-03-03T06:36:24.289+0000][gc,phases    ] GC(0)   Post Evacuate Collection Set: 0.9ms
[2025-03-03T06:36:24.289+0000][gc,phases    ] GC(0)   Other: 0.4ms
[2025-03-03T06:36:24.289+0000][gc,heap      ] GC(0) Eden regions: 45->0(44)
[2025-03-03T06:36:24.289+0000][gc,heap      ] GC(0) Survivor regions: 0->7(7)
[2025-03-03T06:36:24.289+0000][gc,heap      ] GC(0) Old regions: 0->1
[2025-03-03T06:36:24.289+0000][gc,heap      ] GC(0) Humongous regions: 0->0
[2025-03-03T06:36:24.289+0000][gc,metaspace ] GC(0) Metaspace: 20714K(21248K)->20714K(21248K) NonClass: 18538K(18944K)->18538K(18944K) Class: 2176K(2304K)->2176K(2304K)
[2025-03-03T06:36:24.289+0000][gc           ] GC(0) Pause Young (Concurrent Start) (Metadata GC Threshold) 44M->7M(1024M) 21.038ms
[2025-03-03T06:36:24.289+0000][gc,cpu       ] GC(0) User=0.01s Sys=0.01s Real=0.02s
[2025-03-03T06:36:24.289+0000][gc           ] GC(1) Concurrent Cycle
[2025-03-03T06:36:24.289+0000][gc,marking   ] GC(1) Concurrent Clear Claimed Marks
[2025-03-03T06:36:24.289+0000][gc,marking   ] GC(1) Concurrent Clear Claimed Marks 0.062ms
[2025-03-03T06:36:24.289+0000][gc,marking   ] GC(1) Concurrent Scan Root Regions
[2025-03-03T06:36:24.293+0000][gc,marking   ] GC(1) Concurrent Scan Root Regions 3.531ms
[2025-03-03T06:36:24.293+0000][gc,marking   ] GC(1) Concurrent Mark (1.503s)
[2025-03-03T06:36:24.293+0000][gc,marking   ] GC(1) Concurrent Mark From Roots
[2025-03-03T06:36:24.293+0000][gc,task      ] GC(1) Using 1 workers of 1 for marking
[2025-03-03T06:36:24.294+0000][gc,marking   ] GC(1) Concurrent Mark From Roots 1.729ms
[2025-03-03T06:36:24.295+0000][gc,marking   ] GC(1) Concurrent Preclean
[2025-03-03T06:36:24.295+0000][gc,marking   ] GC(1) Concurrent Preclean 0.036ms
[2025-03-03T06:36:24.295+0000][gc,marking   ] GC(1) Concurrent Mark (1.503s, 1.505s) 1.820ms
[2025-03-03T06:36:24.295+0000][gc,start     ] GC(1) Pause Remark
[2025-03-03T06:36:24.302+0000][gc,stringtable] GC(1) Cleaned string and symbol table, strings: 8018 processed, 0 removed, symbols: 66046 processed, 30 removed
[2025-03-03T06:36:24.302+0000][gc            ] GC(1) Pause Remark 7M->7M(1024M) 7.669ms
[2025-03-03T06:36:24.302+0000][gc,cpu        ] GC(1) User=0.01s Sys=0.00s Real=0.00s
[2025-03-03T06:36:24.302+0000][gc,marking    ] GC(1) Concurrent Rebuild Remembered Sets
[2025-03-03T06:36:24.303+0000][gc,marking    ] GC(1) Concurrent Rebuild Remembered Sets 1.050ms
[2025-03-03T06:36:24.305+0000][gc,start      ] GC(1) Pause Cleanup
[2025-03-03T06:36:24.305+0000][gc            ] GC(1) Pause Cleanup 7M->7M(1024M) 0.337ms
[2025-03-03T06:36:24.305+0000][gc,cpu        ] GC(1) User=0.00s Sys=0.00s Real=0.00s
[2025-03-03T06:36:24.305+0000][gc,marking    ] GC(1) Concurrent Cleanup for Next Mark
[2025-03-03T06:36:24.316+0000][gc,marking    ] GC(1) Concurrent Cleanup for Next Mark 10.943ms
[2025-03-03T06:36:24.316+0000][gc            ] GC(1) Concurrent Cycle 27.042ms
[2025-03-03T06:36:24.957+0000][gc,start      ] GC(2) Pause Young (Normal) (G1 Evacuation Pause)
[2025-03-03T06:36:24.957+0000][gc,task       ] GC(2) Using 1 workers of 1 for evacuation
[2025-03-03T06:36:24.983+0000][gc,mmu        ] GC(2) MMU target violated: 21.0ms (20.0ms/21.0ms)
[2025-03-03T06:36:24.983+0000][gc,phases     ] GC(2)   Pre Evacuate Collection Set: 0.1ms
[2025-03-03T06:36:24.983+0000][gc,phases     ] GC(2)   Evacuate Collection Set: 24.5ms
[2025-03-03T06:36:24.983+0000][gc,phases     ] GC(2)   Post Evacuate Collection Set: 1.1ms
[2025-03-03T06:36:24.983+0000][gc,phases     ] GC(2)   Other: 0.3ms
[2025-03-03T06:36:24.983+0000][gc,heap       ] GC(2) Eden regions: 44->0(49)
[2025-03-03T06:36:24.983+0000][gc,heap       ] GC(2) Survivor regions: 7->2(7)
[2025-03-03T06:36:24.983+0000][gc,heap       ] GC(2) Old regions: 1->8
[2025-03-03T06:36:24.983+0000][gc,heap       ] GC(2) Humongous regions: 0->0
[2025-03-03T06:36:24.983+0000][gc,metaspace  ] GC(2) Metaspace: 29913K(30976K)->29913K(30976K) NonClass: 26505K(27136K)->26505K(27136K) Class: 3407K(3840K)->3407K(3840K)
[2025-03-03T06:36:24.983+0000][gc            ] GC(2) Pause Young (Normal) (G1 Evacuation Pause) 51M->8M(1024M) 26.124ms
[2025-03-03T06:36:24.983+0000][gc,cpu        ] GC(2) User=0.03s Sys=0.01s Real=0.02s
[2025-03-03T06:36:25.511+0000][gc,start      ] GC(3) Pause Young (Concurrent Start) (Metadata GC Threshold)
[2025-03-03T06:36:25.511+0000][gc,task       ] GC(3) Using 1 workers of 1 for evacuation
[2025-03-03T06:36:25.524+0000][gc,phases     ] GC(3)   Pre Evacuate Collection Set: 0.2ms
[2025-03-03T06:36:25.524+0000][gc,phases     ] GC(3)   Evacuate Collection Set: 11.8ms
[2025-03-03T06:36:25.524+0000][gc,phases     ] GC(3)   Post Evacuate Collection Set: 0.7ms
[2025-03-03T06:36:25.524+0000][gc,phases     ] GC(3)   Other: 0.3ms
[2025-03-03T06:36:25.524+0000][gc,heap       ] GC(3) Eden regions: 26->0(48)
[2025-03-03T06:36:25.524+0000][gc,heap       ] GC(3) Survivor regions: 2->3(7)
[2025-03-03T06:36:25.524+0000][gc,heap       ] GC(3) Old regions: 8->8
[2025-03-03T06:36:25.524+0000][gc,heap       ] GC(3) Humongous regions: 129->129
[2025-03-03T06:36:25.524+0000][gc,metaspace  ] GC(3) Metaspace: 34923K(35840K)->34923K(35840K) NonClass: 31042K(31488K)->31042K(31488K) Class: 3881K(4352K)->3881K(4352K)
[2025-03-03T06:36:25.524+0000][gc            ] GC(3) Pause Young (Concurrent Start) (Metadata GC Threshold) 163M->138M(1024M) 13.095ms
[2025-03-03T06:36:25.524+0000][gc,cpu        ] GC(3) User=0.03s Sys=0.00s Real=0.01s
[2025-03-03T06:36:25.524+0000][gc            ] GC(4) Concurrent Cycle
[2025-03-03T06:36:25.524+0000][gc,marking    ] GC(4) Concurrent Clear Claimed Marks
[2025-03-03T06:36:25.524+0000][gc,marking    ] GC(4) Concurrent Clear Claimed Marks 0.122ms
[2025-03-03T06:36:25.524+0000][gc,marking    ] GC(4) Concurrent Scan Root Regions
[2025-03-03T06:36:25.527+0000][gc,marking    ] GC(4) Concurrent Scan Root Regions 2.986ms
[2025-03-03T06:36:25.527+0000][gc,marking    ] GC(4) Concurrent Mark (2.737s)
[2025-03-03T06:36:25.527+0000][gc,marking    ] GC(4) Concurrent Mark From Roots
[2025-03-03T06:36:25.527+0000][gc,task       ] GC(4) Using 1 workers of 1 for marking
[2025-03-03T06:36:25.543+0000][gc,marking    ] GC(4) Concurrent Mark From Roots 15.688ms
[2025-03-03T06:36:25.543+0000][gc,marking    ] GC(4) Concurrent Preclean
[2025-03-03T06:36:25.543+0000][gc,marking    ] GC(4) Concurrent Preclean 0.104ms
[2025-03-03T06:36:25.543+0000][gc,marking    ] GC(4) Concurrent Mark (2.737s, 2.753s) 15.884ms
[2025-03-03T06:36:25.544+0000][gc,start      ] GC(4) Pause Remark
[2025-03-03T06:36:25.559+0000][gc,stringtable] GC(4) Cleaned string and symbol table, strings: 11473 processed, 10 removed, symbols: 100704 processed, 26 removed
[2025-03-03T06:36:25.560+0000][gc            ] GC(4) Pause Remark 141M->141M(1024M) 15.443ms
[2025-03-03T06:36:25.560+0000][gc,cpu        ] GC(4) User=0.02s Sys=0.00s Real=0.02s
[2025-03-03T06:36:25.560+0000][gc,marking    ] GC(4) Concurrent Rebuild Remembered Sets
[2025-03-03T06:36:25.572+0000][gc,marking    ] GC(4) Concurrent Rebuild Remembered Sets 12.276ms
[2025-03-03T06:36:25.589+0000][gc,start      ] GC(4) Pause Cleanup
[2025-03-03T06:36:25.590+0000][gc            ] GC(4) Pause Cleanup 143M->143M(1024M) 0.683ms
[2025-03-03T06:36:25.590+0000][gc,cpu        ] GC(4) User=0.00s Sys=0.00s Real=0.00s
[2025-03-03T06:36:25.590+0000][gc,marking    ] GC(4) Concurrent Cleanup for Next Mark
[2025-03-03T06:36:25.603+0000][gc,marking    ] GC(4) Concurrent Cleanup for Next Mark 13.579ms
[2025-03-03T06:36:25.604+0000][gc            ] GC(4) Concurrent Cycle 79.556ms
[2025-03-03T06:36:26.501+0000][gc,start      ] GC(5) Pause Young (Concurrent Start) (G1 Evacuation Pause)
[2025-03-03T06:36:26.501+0000][gc,task       ] GC(5) Using 1 workers of 1 for evacuation
[2025-03-03T06:36:26.532+0000][gc,mmu        ] GC(5) MMU target violated: 21.0ms (20.0ms/21.0ms)
[2025-03-03T06:36:26.532+0000][gc,phases     ] GC(5)   Pre Evacuate Collection Set: 0.2ms
[2025-03-03T06:36:26.532+0000][gc,phases     ] GC(5)   Evacuate Collection Set: 29.8ms
[2025-03-03T06:36:26.532+0000][gc,phases     ] GC(5)   Post Evacuate Collection Set: 1.0ms
[2025-03-03T06:36:26.532+0000][gc,phases     ] GC(5)   Other: 0.5ms
[2025-03-03T06:36:26.532+0000][gc,heap       ] GC(5) Eden regions: 48->0(44)
[2025-03-03T06:36:26.532+0000][gc,heap       ] GC(5) Survivor regions: 3->7(7)
[2025-03-03T06:36:26.532+0000][gc,heap       ] GC(5) Old regions: 8->8
[2025-03-03T06:36:26.532+0000][gc,heap       ] GC(5) Humongous regions: 129->129
[2025-03-03T06:36:26.532+0000][gc,metaspace  ] GC(5) Metaspace: 42789K(44288K)->42789K(44288K) NonClass: 38039K(38912K)->38039K(38912K) Class: 4749K(5376K)->4749K(5376K)
[2025-03-03T06:36:26.532+0000][gc            ] GC(5) Pause Young (Concurrent Start) (G1 Evacuation Pause) 186M->143M(1024M) 31.549ms
[2025-03-03T06:36:26.533+0000][gc,cpu        ] GC(5) User=0.03s Sys=0.00s Real=0.04s
[2025-03-03T06:36:26.533+0000][gc            ] GC(6) Concurrent Cycle
[2025-03-03T06:36:26.533+0000][gc,marking    ] GC(6) Concurrent Clear Claimed Marks
[2025-03-03T06:36:26.533+0000][gc,marking    ] GC(6) Concurrent Clear Claimed Marks 0.198ms
[2025-03-03T06:36:26.533+0000][gc,marking    ] GC(6) Concurrent Scan Root Regions
[2025-03-03T06:36:26.540+0000][gc,marking    ] GC(6) Concurrent Scan Root Regions 7.166ms
[2025-03-03T06:36:26.540+0000][gc,marking    ] GC(6) Concurrent Mark (3.750s)
[2025-03-03T06:36:26.540+0000][gc,marking    ] GC(6) Concurrent Mark From Roots
[2025-03-03T06:36:26.540+0000][gc,task       ] GC(6) Using 1 workers of 1 for marking
[2025-03-03T06:36:26.595+0000][gc,marking    ] GC(6) Concurrent Mark From Roots 54.599ms
[2025-03-03T06:36:26.595+0000][gc,marking    ] GC(6) Concurrent Preclean
[2025-03-03T06:36:26.595+0000][gc,marking    ] GC(6) Concurrent Preclean 0.225ms
[2025-03-03T06:36:26.595+0000][gc,marking    ] GC(6) Concurrent Mark (3.750s, 3.805s) 54.959ms
[2025-03-03T06:36:26.595+0000][gc,start      ] GC(6) Pause Remark
[2025-03-03T06:36:26.613+0000][gc,stringtable] GC(6) Cleaned string and symbol table, strings: 14677 processed, 0 removed, symbols: 122647 processed, 9 removed
[2025-03-03T06:36:26.614+0000][gc            ] GC(6) Pause Remark 145M->145M(1024M) 18.062ms
[2025-03-03T06:36:26.614+0000][gc,cpu        ] GC(6) User=0.02s Sys=0.00s Real=0.02s
[2025-03-03T06:36:26.614+0000][gc,marking    ] GC(6) Concurrent Rebuild Remembered Sets
[2025-03-03T06:36:26.627+0000][gc,marking    ] GC(6) Concurrent Rebuild Remembered Sets 12.889ms
[2025-03-03T06:36:26.627+0000][gc,start      ] GC(6) Pause Cleanup
[2025-03-03T06:36:26.627+0000][gc            ] GC(6) Pause Cleanup 146M->146M(1024M) 0.444ms
[2025-03-03T06:36:26.627+0000][gc,cpu        ] GC(6) User=0.00s Sys=0.00s Real=0.00s
[2025-03-03T06:36:26.628+0000][gc,marking    ] GC(6) Concurrent Cleanup for Next Mark
[2025-03-03T06:36:26.630+0000][gc,marking    ] GC(6) Concurrent Cleanup for Next Mark 2.892ms
[2025-03-03T06:36:26.630+0000][gc            ] GC(6) Concurrent Cycle 97.858ms
