[2025-03-03T06:08:00.616+0000][gc,heap] Heap region size: 1M
[2025-03-03T06:08:00.630+0000][gc     ] Using G1
[2025-03-03T06:08:00.630+0000][gc,heap,coops] Heap address: 0x00000000e0000000, size: 512 MB, Compressed Oops mode: 32-bit
[2025-03-03T06:08:01.897+0000][gc,start     ] GC(0) Pause Young (Normal) (G1 Evacuation Pause)
[2025-03-03T06:08:01.897+0000][gc,task      ] GC(0) Using 1 workers of 1 for evacuation
[2025-03-03T06:08:01.916+0000][gc,phases    ] GC(0)   Pre Evacuate Collection Set: 0.0ms
[2025-03-03T06:08:01.916+0000][gc,phases    ] GC(0)   Evacuate Collection Set: 17.9ms
[2025-03-03T06:08:01.916+0000][gc,phases    ] GC(0)   Post Evacuate Collection Set: 0.9ms
[2025-03-03T06:08:01.916+0000][gc,phases    ] GC(0)   Other: 0.2ms
[2025-03-03T06:08:01.916+0000][gc,heap      ] GC(0) Eden regions: 25->0(21)
[2025-03-03T06:08:01.916+0000][gc,heap      ] GC(0) Survivor regions: 0->4(4)
[2025-03-03T06:08:01.916+0000][gc,heap      ] GC(0) Old regions: 0->4
[2025-03-03T06:08:01.916+0000][gc,heap      ] GC(0) Humongous regions: 0->0
[2025-03-03T06:08:01.916+0000][gc,metaspace ] GC(0) Metaspace: 14992K(15488K)->14992K(15488K) NonClass: 13515K(13824K)->13515K(13824K) Class: 1477K(1664K)->1477K(1664K)
[2025-03-03T06:08:01.916+0000][gc           ] GC(0) Pause Young (Normal) (G1 Evacuation Pause) 25M->7M(512M) 19.198ms
[2025-03-03T06:08:01.916+0000][gc,cpu       ] GC(0) User=0.01s Sys=0.00s Real=0.02s
[2025-03-03T06:26:42.106+0000][gc,heap,exit ] Heap
[2025-03-03T06:26:42.107+0000][gc,heap,exit ]  garbage-first heap   total 524288K, used 20202K [0x00000000e0000000, 0x0000000100000000)
[2025-03-03T06:26:42.107+0000][gc,heap,exit ]   region size 1024K, 18 young (18432K), 4 survivors (4096K)
[2025-03-03T06:26:42.107+0000][gc,heap,exit ]  Metaspace       used 17242K, capacity 17580K, committed 17792K, reserved 1064960K
[2025-03-03T06:26:42.107+0000][gc,heap,exit ]   class space    used 1697K, capacity 1836K, committed 1920K, reserved 1048576K
