[2025-03-03T06:11:19.271+0000][gc,heap] Heap region size: 1M
[2025-03-03T06:11:19.285+0000][gc     ] Using G1
[2025-03-03T06:11:19.285+0000][gc,heap,coops] Heap address: 0x00000000e0000000, size: 512 MB, Compressed Oops mode: 32-bit
[2025-03-03T06:11:20.062+0000][gc,start     ] GC(0) Pause Young (Normal) (G1 Evacuation Pause)
[2025-03-03T06:11:20.062+0000][gc,task      ] GC(0) Using 1 workers of 1 for evacuation
[2025-03-03T06:11:20.084+0000][gc,mmu       ] GC(0) MMU target violated: 21.0ms (20.0ms/21.0ms)
[2025-03-03T06:11:20.084+0000][gc,phases    ] GC(0)   Pre Evacuate Collection Set: 0.0ms
[2025-03-03T06:11:20.084+0000][gc,phases    ] GC(0)   Evacuate Collection Set: 21.3ms
[2025-03-03T06:11:20.084+0000][gc,phases    ] GC(0)   Post Evacuate Collection Set: 1.0ms
[2025-03-03T06:11:20.084+0000][gc,phases    ] GC(0)   Other: 0.3ms
[2025-03-03T06:11:20.084+0000][gc,heap      ] GC(0) Eden regions: 25->0(21)
[2025-03-03T06:11:20.084+0000][gc,heap      ] GC(0) Survivor regions: 0->4(4)
[2025-03-03T06:11:20.084+0000][gc,heap      ] GC(0) Old regions: 0->4
[2025-03-03T06:11:20.084+0000][gc,heap      ] GC(0) Humongous regions: 0->0
[2025-03-03T06:11:20.084+0000][gc,metaspace ] GC(0) Metaspace: 15045K(15488K)->15045K(15488K) NonClass: 13563K(13824K)->13563K(13824K) Class: 1481K(1664K)->1481K(1664K)
[2025-03-03T06:11:20.084+0000][gc           ] GC(0) Pause Young (Normal) (G1 Evacuation Pause) 25M->7M(512M) 22.705ms
[2025-03-03T06:11:20.084+0000][gc,cpu       ] GC(0) User=0.01s Sys=0.01s Real=0.02s
[2025-03-03T06:11:20.107+0000][gc,heap,exit ] Heap
[2025-03-03T06:11:20.107+0000][gc,heap,exit ]  garbage-first heap   total 524288K, used 8914K [0x00000000e0000000, 0x0000000100000000)
[2025-03-03T06:11:20.107+0000][gc,heap,exit ]   region size 1024K, 6 young (6144K), 4 survivors (4096K)
[2025-03-03T06:11:20.107+0000][gc,heap,exit ]  Metaspace       used 15386K, capacity 15683K, committed 16000K, reserved 1062912K
[2025-03-03T06:11:20.107+0000][gc,heap,exit ]   class space    used 1526K, capacity 1631K, committed 1664K, reserved 1048576K
